Yocto Image Build for ARM Architecture with SSH Connection:
===========================================================

1. In the 'core-image-minimal' Recipe file, there is no SSH connectivity enabled by default. The Recipe file can be updated to include the Dropbear as a feature in the Image.
prabhat_kiran@coldstone:~/Documents/Learnings/Yocto_Resources/Poky/poky/build$ bitbake core-image-minimal -e | grep ^IMAGE_FEATURES=
IMAGE_FEATURES="debug-tweaks"
prabhat_kiran@coldstone:~/Documents/Learnings/Yocto_Resources/Poky/poky/build$ vi ../meta/recipes-core/images/core-image-minimal.bb
=> IMAGE_FEATURES:append = " ssh-server-dropbear"
=> inherit core-image

2. The Machine and the Image features can be verified before starting the Build process.
prabhat_kiran@coldstone:~/Documents/Learnings/Yocto_Resources/Poky/poky/build$ bitbake core-image-minimal -e | grep ^MACHINE_ARCH=
MACHINE_ARCH="qemuarm"
prabhat_kiran@coldstone:~/Documents/Learnings/Yocto_Resources/Poky/poky/build$ bitbake core-image-minimal -e | grep ^IMAGE_FEATURES=
IMAGE_FEATURES="debug-tweaks ssh-server-dropbear"

3. Although the 'debug-tweaks' feature has not been added explicitly in the Image Recipe file, it appears in the Image features by default.
prabhat_kiran@coldstone:~/Documents/Learnings/Yocto_Resources/Poky/poky/build$ vi ../meta/classes/core-image.bbclass
---> There is no such feature defined in the 'core-image.bbclass' Class file.
prabhat_kiran@coldstone:~/Documents/Learnings/Yocto_Resources/Poky/poky/build$ bitbake core-image-minimal -e | grep debug-tweaks
#     "debug-tweaks"
#   "debug-tweaks"
EXTRA_IMAGE_FEATURES="debug-tweaks"
#     [validitems] "debug-tweaks read-only-rootfs read-only-rootfs-delayed-postinsts stateless-rootfs empty-root-password allow-empty-password allow-root-login ...-etc"
#     "debug-tweaks ssh-server-dropbear"
#   "debug-tweaks ssh-server-dropbear"
IMAGE_FEATURES="debug-tweaks ssh-server-dropbear"

4. The general practice is to define the 'EXTRA_IMAGE_FEATURES' variable in the 'conf/local.conf' file.
prabhat_kiran@coldstone:~/Documents/Learnings/Yocto_Resources/Poky/poky/build$ vi conf/local.conf
=> # Extra Image Configuration defaults
=> EXTRA_IMAGE_FEATURES ?= "debug-tweaks"
=> # Enable the Build history
=> INHERIT += "buildhistory"
=> BUILDHISTORY_COMMIT = "1"

5. Execute the 'bitbake' command to Build an Image with the new feature.
prabhat_kiran@coldstone:~/Documents/Learnings/Yocto_Resources/Poky/poky/build$ bitbake core-image-minimal
Loading cache: 100% |                                                                                                                                            | ETA:  --:--:--
Loaded 0 entries from dependency cache.
Parsing recipes: 100% |##########################################################################################################################################| Time: 0:00:17
Parsing of 883 .bb files complete (0 cached, 883 parsed). 1644 targets, 45 skipped, 0 masked, 0 errors.
NOTE: Resolving any missing task queue dependencies

Build Configuration:
BB_VERSION           = "2.0.0"
BUILD_SYS            = "x86_64-linux"
NATIVELSBSTRING      = "ubuntu-20.04"
TARGET_SYS           = "arm-poky-linux-gnueabi"
MACHINE              = "qemuarm"
DISTRO               = "poky"
DISTRO_VERSION       = "4.0.12"
TUNE_FEATURES        = "arm vfp cortexa15 neon thumb callconvention-hard"
TARGET_FPU           = "hard"
meta                 
meta-poky            
meta-yocto-bsp       = "my-kirkstone:e19a76951b61ef7403dd64af844a3cfe16fda118"

Initialising tasks: 100% |#######################################################################################################################################| Time: 0:00:01
Sstate summary: Wanted 9 Local 7 Mirrors 0 Missed 2 Current 1408 (77% match, 99% complete)
Removing 2 stale sstate objects for arch qemuarm: 100% |#########################################################################################################| Time: 0:00:00
NOTE: Executing Tasks
NOTE: Tasks Summary: Attempted 3632 tasks of which 3622 didn't need to be rerun and all succeeded.
NOTE: Writing buildhistory
NOTE: Writing buildhistory took: 4 seconds

6. After the Build is successful, the Target Image binaries are present under the 'build' directory.
prabhat_kiran@coldstone:~/Documents/Learnings/Yocto_Resources/Poky/poky/build$ cd tmp/deploy/images/
prabhat_kiran@coldstone:~/Documents/Learnings/Yocto_Resources/Poky/poky/build/tmp/deploy/images$ ls
qemuarm
prabhat_kiran@coldstone:~/Documents/Learnings/Yocto_Resources/Poky/poky/build/tmp/deploy/images$ cd qemuarm
prabhat_kiran@coldstone:~/Documents/Learnings/Yocto_Resources/Poky/poky/build/tmp/deploy/images/qemuarm$ ls
core-image-minimal-qemuarm-<buildhash>.qemuboot.conf		core-image-minimal-qemuarm.tar.bz2
core-image-minimal-qemuarm-<buildhash>.rootfs.ext4		core-image-minimal-qemuarm.testdata.json
core-image-minimal-qemuarm-<buildhash>.rootfs.manifest		modules--5.15.184+git0+9c4fc176ec_27eaa24a04-r0-qemuarm-<buildhash>.tgz
core-image-minimal-qemuarm-<buildhash>.rootfs.tar.bz2		modules-qemuarm.tgz
core-image-minimal-qemuarm-<buildhash>.testdata.json		zImage
core-image-minimal-qemuarm.ext4					zImage--5.15.184+git0+9c4fc176ec_27eaa24a04-r0-qemuarm-<buildhash>.bin
core-image-minimal-qemuarm.manifest				zImage-qemuarm.bin
core-image-minimal-qemuarm.qemuboot.conf
