meta-ti Integration with Poky:
==============================

1. In the cloned Poky repository directory, the 'meta-ti' and the other dependency Layers can be cloned.
prabhat_kiran@coldstone:~/Documents/Learnings/Yocto_Resources/Poky/poky$ ls
bitbake  documentation  LICENSE.GPL-2.0-only  MAINTAINERS.md  MEMORIAM  meta-poky      meta-skeleton   oe-init-build-env   README.md          README.poky.md  scripts
contrib  LICENSE        LICENSE.MIT           Makefile        meta      meta-selftest  meta-yocto-bsp  README.hardware.md  README.OE-Core.md  README.qemu.md
prabhat_kiran@coldstone:~/Documents/Learnings/Yocto_Resources/Poky/poky$ git clone git://git.yoctoproject.org/meta-ti
Cloning into 'meta-ti'...
remote: Enumerating objects: 54368, done.
remote: Total 54368 (delta 0), reused 0 (delta 0), pack-reused 54368
Receiving objects: 100% (54368/54368), 11.59 MiB | 29.82 MiB/s, done.
Resolving deltas: 100% (38167/38167), done.

2. The 'meta-ti' repository cloned, the 'kirkstone' branch should be checked out for compatibility with the Poky codename repository.
prabhat_kiran@coldstone:~/Documents/Learnings/Yocto_Resources/Poky/poky$ cd meta-ti
prabhat_kiran@coldstone:~/Documents/Learnings/Yocto_Resources/Poky/poky/meta-ti$ git branch
* master
prabhat_kiran@coldstone:~/Documents/Learnings/Yocto_Resources/Poky/poky/meta-ti$ git checkout kirkstone
Branch 'kirkstone' set up to track remote branch 'kirkstone' from 'origin'.
Switched to a new branch 'kirkstone'
prabhat_kiran@coldstone:~/Documents/Learnings/Yocto_Resources/Poky/poky/meta-ti$ git branch
* kirkstone
  master
prabhat_kiran@coldstone:~/Documents/Learnings/Yocto_Resources/Poky/poky/meta-ti$ ls
COPYING.MIT  meta-ti-bsp  meta-ti-extras  README

3. Run the Build Environment setup script on the Host Machine.
prabhat_kiran@coldstone:~/Documents/Learnings/Yocto_Resources/Poky/poky$ source oe-init-build-env

### Shell environment set up for builds. ###

You can now run 'bitbake <target>'

Common targets are:
    core-image-minimal
    core-image-full-cmdline
    core-image-sato
    core-image-weston
    meta-toolchain
    meta-ide-support

You can also run generated qemu images with a command like 'runqemu qemux86'

Other commonly useful commands are:
 - 'devtool' and 'recipetool' handle common recipe tasks
 - 'bitbake-layers' handles common layer tasks
 - 'oe-pkgdata-util' handles common target package tasks
prabhat_kiran@coldstone:~/Documents/Learnings/Yocto_Resources/Poky/poky/build$

4. The directory path to the 'meta-ti' Layer should be added in the 'bblayers.conf' file to include the Layer in the Build. However, this causes an error.
	1) The reason being the 'meta-ti' Layer doesn't actually have the 'layer.conf' file to be parsed by the BitBake.
	2) It contains the sub-directories that provide the 'layer.conf' file.
prabhat_kiran@coldstone:~/Documents/Learnings/Yocto_Resources/Poky/poky/build$ vi conf/bblayers.conf
=> BBLAYERS = "/home/prabhat_kiran/Documents/Learnings/Yocto_Resources/Poky/poky/meta-ti/"
prabhat_kiran@coldstone:~/Documents/Learnings/Yocto_Resources/Poky/poky/build$ bitbake-layers show-layers
NOTE: Starting bitbake server...
ERROR: Unable to parse /home/prabhat_kiran/Documents/Learnings/Yocto_Resources/Poky/poky/bitbake/lib/bb/parse/__init__.py
Traceback (most recent call last):
  File "/home/prabhat_kiran/Documents/Learnings/Yocto_Resources/Poky/poky/bitbake/lib/bb/parse/__init__.py", line 136, in resolve_file(fn=.../meta-ti/conf/layer.conf'...;
         if not os.path.isfile(fn):
    >        raise IOError(errno.ENOENT, "file %s not found" % fn)

FileNotFoundError: [Errno 2] file /home/prabhat_kiran/Documents/Learnings/Yocto_Resources/Poky/poky/meta-ti/conf/layer.conf not found

5. The directory path to the 'meta-ti-bsp' Layer should be added in the 'bblayers.conf' file to include the Layer in the Build.
prabhat_kiran@coldstone:~/Documents/Learnings/Yocto_Resources/Poky/poky/build$ vi conf/bblayers.conf
=> BBLAYERS = "/home/prabhat_kiran/Documents/Learnings/Yocto_Resources/Poky/poky/meta-ti/meta-ti-bsp/"
prabhat_kiran@coldstone:~/Documents/Learnings/Yocto_Resources/Poky/poky/build$ bitbake-layers show-layers
NOTE: Starting bitbake server...
ERROR: Layer 'meta-ti-bsp' depends on layer 'meta-arm', but this layer is not enabled in your configuration

6. The 'meta-ti-bsp' Layer has dependency on the 'meta-arm' Layer. This dependent Layer should be cloned and checked out before the Layers can be included in the Build.
prabhat_kiran@coldstone:~/Documents/Learnings/Yocto_Resources/Poky/poky/build$ cd ..
prabhat_kiran@coldstone:~/Documents/Learnings/Yocto_Resources/Poky/poky$ git clone git://git.yoctoproject.org/meta-arm
Cloning into 'meta-arm'...
remote: Enumerating objects: 27353, done.
remote: Counting objects: 100% (219/219), done.
remote: Compressing objects: 100% (185/185), done.
remote: Total 27353 (delta 68), reused 79 (delta 26), pack-reused 27134
Receiving objects: 100% (27353/27353), 6.93 MiB | 34.61 MiB/s, done.
Resolving deltas: 100% (17761/17761), done.
prabhat_kiran@coldstone:~/Documents/Learnings/Yocto_Resources/Poky/poky$ cd meta-arm/
prabhat_kiran@coldstone:~/Documents/Learnings/Yocto_Resources/Poky/poky$ git branch
* master
prabhat_kiran@coldstone:~/Documents/Learnings/Yocto_Resources/Poky/poky/meta-arm$ git checkout kirkstone
Branch 'kirkstone' set up to track remote branch 'kirkstone' from 'origin'.
Switched to a new branch 'kirkstone'
prabhat_kiran@coldstone:~/Documents/Learnings/Yocto_Resources/Poky/poky/meta-arm$ git branch
* kirkstone
  master
prabhat_kiran@coldstone:~/Documents/Learnings/Yocto_Resources/Poky/poky/meta-arm$ ls
ci  COPYING.MIT  documentation  kas  meta-arm  meta-arm-autonomy  meta-arm-bsp  meta-arm-toolchain  meta-atp  meta-gem5  README.md  scripts

7. The directory path to the 'meta-arm' Layer along with the dependencies should be added in the 'bblayers.conf' file to include the Layer in the Build.
prabhat_kiran@coldstone:~/Documents/Learnings/Yocto_Resources/Poky/poky/build$ vi conf/bblayers.conf
=> BBLAYERS = "/home/prabhat_kiran/Documents/Learnings/Yocto_Resources/Poky/poky/meta-arm/meta-arm/"
=> BBLAYERS = "/home/prabhat_kiran/Documents/Learnings/Yocto_Resources/Poky/poky/meta-arm/meta-arm-toolchain/"
prabhat_kiran@coldstone:~/Documents/Learnings/Yocto_Resources/Poky/poky/build$ bitbake-layers show-layers
NOTE: Starting bitbake server...
layer                 path                                      priority
==========================================================================
meta                  /home/prabhat_kiran/Documents/Learnings/Yocto_Resources/Poky/poky/meta   5
meta-poky             /home/prabhat_kiran/Documents/Learnings/Yocto_Resources/Poky/poky/meta-poky  5
meta-yocto-bsp        /home/prabhat_kiran/Documents/Learnings/Yocto_Resources/Poky/poky/meta-yocto-bsp  5
meta-layer            /home/prabhat_kiran/Documents/Learnings/Yocto_Resources/Poky/poky/meta-layer  5
meta-ti-bsp           /home/prabhat_kiran/Documents/Learnings/Yocto_Resources/Poky/poky/meta-ti/meta-ti-bsp  6
meta-arm              /home/prabhat_kiran/Documents/Learnings/Yocto_Resources/Poky/poky/meta-arm/meta-arm  5
meta-arm-toolchain    /home/prabhat_kiran/Documents/Learnings/Yocto_Resources/Poky/poky/meta-arm/meta-arm-toolchain  5

7. The Layers are now successfully integrated with the Poky repository.
prabhat_kiran@coldstone:~/Documents/Learnings/Yocto_Resources/Poky/poky$ ls
bitbake  contrib        LICENSE               LICENSE.MIT     Makefile  meta      meta-poky      meta-skeleton  meta-yocto-bsp     README.hardware.md  README.md    README.qemu.md
build    documentation  LICENSE.GPL-2.0-only  MAINTAINERS.md  MEMORIAM  meta-arm  meta-selftest  meta-ti        oe-init-build-env  README.poky.md      README.OE-Core.md  scripts
