Quick Build of Recipe with Static Library Dependency for ARM Architecture using the Build Directory:
====================================================================================================

1. For building the Image for ARM Architecture instead of the Intel (x86) Architecture, the changes shall be made to the 'local.conf' file in the 'build/conf' directory.
prabhat_kiran@coldstone:~/Documents/Learnings/Yocto_Resources/Poky/poky/build$ vi conf/local.conf
=> MACHINE ?= "qemuarm"
=> #MACHINE ?= "qemux86-64"

2. The Layer directory should be created for the the BitBake to pick it up during the Build. The 'bitbake-layers' command is used to create and add the compatible Layer.
prabhat_kiran@coldstone:~/Documents/Learnings/Yocto_Resources/Poky/poky/build$ bitbake-layers create-layer ../meta-layer
NOTE: Starting bitbake server...
Add your new layer with 'bitbake-layers add-layer /home/prabhat_kiran/Documents/Learnings/Yocto_Resources/Poky/poky/meta-layer'
prabhat_kiran@coldstone:~/Documents/Learnings/Yocto_Resources/Poky/poky/build$ bitbake-layers add-layer ../meta-layer
NOTE: Starting bitbake server...
prabhat_kiran@coldstone:~/Documents/Learnings/Yocto_Resources/Poky/poky/build$ bitbake-layers show-layers
NOTE: Starting bitbake server...
layer                 path                                      priority
==========================================================================
meta                  /home/prabhat_kiran/Documents/Learnings/Yocto_Resources/Poky/poky/meta   5
meta-poky             /home/prabhat_kiran/Documents/Learnings/Yocto_Resources/Poky/poky/meta-poky  5
meta-yocto-bsp        /home/prabhat_kiran/Documents/Learnings/Yocto_Resources/Poky/poky/meta-yocto-bsp  5
meta-layer            /home/prabhat_kiran/Documents/Learnings/Yocto_Resources/Poky/poky/meta-layer  5

3. The Recipe file and the C file must be placed in the Layer structure in such a way that the BitBake is able to pick them up during the Build.
prabhat_kiran@coldstone:~/Documents/Learnings/Yocto_Resources/Poky/poky/build$ cd ../meta-layer/
prabhat_kiran@coldstone:~/Documents/Learnings/Yocto_Resources/Poky/poky/meta-layer$ ls
conf  COPYING.MIT  README  recipes-example
prabhat_kiran@coldstone:~/Documents/Learnings/Yocto_Resources/Poky/poky/meta-layer$ cd recipes-example/

---> It is important to note that the name of the Recipe folder must match with the name of the Recipe file name being used to Build the SW.
prabhat_kiran@coldstone:~/Documents/Learnings/Yocto_Resources/Poky/poky/meta-layer/recipes-example$ mkdir static-lib-test
prabhat_kiran@coldstone:~/Documents/Learnings/Yocto_Resources/Poky/poky/meta-layer/recipes-example$ ls
example  static-lib-test
prabhat_kiran@coldstone:~/Documents/Learnings/Yocto_Resources/Poky/poky/meta-layer/recipes-example$ cd static-lib-test/
prabhat_kiran@coldstone:~/Documents/Learnings/Yocto_Resources/Poky/poky/meta-layer/recipes-example/static-lib-test$ mkdir files
prabhat_kiran@coldstone:~/Documents/Learnings/Yocto_Resources/Poky/poky/meta-layer/recipes-example/static-lib-test$ cd files/

4. Include the C file in the 'files' directory of the Layer.
prabhat_kiran@coldstone:~/Documents/Learnings/Yocto_Resources/Poky/poky/meta-layer/recipes-example/static-lib-test/files$ vi program.c
---> Add the contents of the C file to be Built using the Recipe.

5. Include the Recipe file in the Recipe folder i.e. 'static-lib-test' for the BitBake to be able to read it during the Build.
prabhat_kiran@coldstone:~/Documents/Learnings/Yocto_Resources/Poky/poky/meta-layer/recipes-example/static-lib-test/files$ cd ..
prabhat_kiran@coldstone:~/Documents/Learnings/Yocto_Resources/Poky/poky/meta-layer/recipes-example/static-lib-test$ vi static-lib-test_0.1.bb
---> Add the contents of the Recipe file to Build the C file.
---> The dependency is specified on the static library Package in the Recipe file.
---> The '-l' option used in the Compile stage must provide the library name. Only the name of the library without the extension and along with '_' (if present) must be provided.

6. This is the final Layer directory structure which is compatible with the BitBake for the Build.
prabhat_kiran@coldstone:~/Documents/Learnings/Yocto_Resources/Poky/poky/meta-layer/recipes-example/static-lib-test$ cd ..
prabhat_kiran@coldstone:~/Documents/Learnings/Yocto_Resources/Poky/poky/meta-layer/recipes-example$ tree static-lib-test
static-lib-test
├── files
│   └── program.c
└── static-lib-test_0.1.bb

1 directory, 2 files

7. To remove all the files and directories generated during the Build, the 'cleanall' command of the BitBake can be used. However, the 'WORKDIR' directory is still present.
---> The 'static-lib-test' as well as the 'hello-static-lib' Recipe Builds must be cleaned.
---> This allows to observe the Build status in the 'static-lib-test' Recipe and the 'hello-static-lib' Recipe's 'WORKDIR' directories.
prabhat_kiran@coldstone:~/Documents/Learnings/Yocto_Resources/Poky/poky/build$ bitbake -c cleanall static-lib-test
Loading cache: 100% |##############################################################################################################################################| Time: 0:00:00
Loaded 1780 entries from dependency cache.
Parsing recipes: 100% |############################################################################################################################################| Time: 0:00:03
Parsing of 989 .bb files complete (985 cached, 4 parsed). 1784 targets, 159 skipped, 0 masked, 0 errors.
NOTE: Resolving any missing task queue dependencies

Build Configuration:
BB_VERSION           = "2.0.0"
BUILD_SYS            = "x86_64-linux"
NATIVELSBSTRING      = "universal"
TARGET_SYS           = "arm-poky-linux-gnueabi"
MACHINE              = "qemuarm"
DISTRO               = "poky"
DISTRO_VERSION       = "4.0.27"
TUNE_FEATURES        = "arm vfp cortexa15 neon thumb callconvention-hard"
TARGET_FPU           = "hard"
meta
meta-poky
meta-yocto-bsp
meta-layer           = "my-kirkstone:81e0dc80d72d66b7f15a34c0da7a0a8c58809056"
meta-ti-bsp          = "kirkstone:52018a8d730b2977d7163bf56c398905ef9115ac"
meta-arm
meta-arm-toolchain   = "kirkstone:10c27f061b22af78e17a23cf540b69501afc7160"

Initialising tasks: 100% |#########################################################################################################################################| Time: 0:00:00
Sstate summary: Wanted 0 Local 0 Mirrors 0 Missed 0 Current 0 (0% match, 0% complete)
NOTE: No setscene tasks
NOTE: Executing Tasks
NOTE: Tasks Summary: Attempted 3 tasks of which 0 didn't need to be rerun and all succeeded.
NOTE: Writing buildhistory
NOTE: Writing buildhistory took: 2 seconds
prabhat_kiran@coldstone:~/Documents/Learnings/Yocto_Resources/Poky/poky/build$ cd tmp/work/cortexa15t2hf-neon-poky-linux-gnueabi/static-lib-test/0.1-r0
prabhat_kiran@coldstone:~/Documents/Learnings/Yocto_Resources/Poky/poky/build/tmp/work/cortexa15t2hf-neon-poky-linux-gnueabi/static-lib-test/0.1-r0$ ls
temp
prabhat_kiran@coldstone:~/Documents/Learnings/Yocto_Resources/Poky/poky/build/tmp/work/cortexa15t2hf-neon-poky-linux-gnueabi/static-lib-test/0.1-r0$ rm -rf *
prabhat_kiran@coldstone:~/Documents/Learnings/Yocto_Resources/Poky/poky/build/tmp/work/cortexa15t2hf-neon-poky-linux-gnueabi/static-lib-test/0.1-r0$ ls
prabhat_kiran@coldstone:~/Documents/Learnings/Yocto_Resources/Poky/poky/build/tmp/work/cortexa15t2hf-neon-poky-linux-gnueabi/static-lib-test/0.1-r0$ cd ../../../../../
prabhat_kiran@coldstone:~/Documents/Learnings/Yocto_Resources/Poky/poky/build$ bitbake -c cleanall hello-static-lib
Loading cache: 100% |##############################################################################################################################################| Time: 0:00:00
Loaded 1780 entries from dependency cache.
Parsing recipes: 100% |############################################################################################################################################| Time: 0:00:03
Parsing of 989 .bb files complete (985 cached, 4 parsed). 1784 targets, 159 skipped, 0 masked, 0 errors.
NOTE: Resolving any missing task queue dependencies

Build Configuration:
BB_VERSION           = "2.0.0"
BUILD_SYS            = "x86_64-linux"
NATIVELSBSTRING      = "universal"
TARGET_SYS           = "arm-poky-linux-gnueabi"
MACHINE              = "qemuarm"
DISTRO               = "poky"
DISTRO_VERSION       = "4.0.27"
TUNE_FEATURES        = "arm vfp cortexa15 neon thumb callconvention-hard"
TARGET_FPU           = "hard"
meta
meta-poky
meta-yocto-bsp
meta-layer           = "my-kirkstone:81e0dc80d72d66b7f15a34c0da7a0a8c58809056"
meta-ti-bsp          = "kirkstone:52018a8d730b2977d7163bf56c398905ef9115ac"
meta-arm
meta-arm-toolchain   = "kirkstone:10c27f061b22af78e17a23cf540b69501afc7160"

Initialising tasks: 100% |#########################################################################################################################################| Time: 0:00:00
Sstate summary: Wanted 0 Local 0 Mirrors 0 Missed 0 Current 0 (0% match, 0% complete)
NOTE: No setscene tasks
NOTE: Executing Tasks
NOTE: Tasks Summary: Attempted 3 tasks of which 0 didn't need to be rerun and all succeeded.
NOTE: Writing buildhistory
NOTE: Writing buildhistory took: 2 seconds
prabhat_kiran@coldstone:~/Documents/Learnings/Yocto_Resources/Poky/poky/build$ cd tmp/work/cortexa15t2hf-neon-poky-linux-gnueabi/hello-static-lib/0.1-r0/
prabhat_kiran@coldstone:~/Documents/Learnings/Yocto_Resources/Poky/poky/build/tmp/work/cortexa15t2hf-neon-poky-linux-gnueabi/hello-static-lib/0.1-r0$ ls
temp
prabhat_kiran@coldstone:~/Documents/Learnings/Yocto_Resources/Poky/poky/build/tmp/work/cortexa15t2hf-neon-poky-linux-gnueabi/hello-static-lib/0.1-r0$ rm -rf *
prabhat_kiran@coldstone:~/Documents/Learnings/Yocto_Resources/Poky/poky/build/tmp/work/cortexa15t2hf-neon-poky-linux-gnueabi/hello-static-lib/0.1-r0$ ls
prabhat_kiran@coldstone:~/Documents/Learnings/Yocto_Resources/Poky/poky/build/tmp/work/cortexa15t2hf-neon-poky-linux-gnueabi/hello-static-lib/0.1-r0$ cd ../../../../../

8. The 'static-lib-test' Recipe must be Built step-by-step i.e. one Task at a time to observe the Build status in the Recipe's 'WORKDIR' directories.
---> To perform the step-by-step Task execution, there should be 2 Terminals opened parallely to see the effects of the 'DEPENDS' variable on the Recipes.
Terminal-1:
prabhat_kiran@coldstone:~/Documents/Learnings/Yocto_Resources/Poky/poky/build$ cd tmp/work/cortexa15t2hf-neon-poky-linux-gnueabi/hello-static-lib/0.1-r0/
prabhat_kiran@coldstone:~/Documents/Learnings/Yocto_Resources/Poky/poky/build/tmp/work/cortexa15t2hf-neon-poky-linux-gnueabi/hello-static-lib/0.1-r0$ ls
Terminal-2:
prabhat_kiran@coldstone:~/Documents/Learnings/Yocto_Resources/Poky/poky/build$ cd tmp/work/cortexa15t2hf-neon-poky-linux-gnueabi/static-lib-test/0.1-r0/
prabhat_kiran@coldstone:~/Documents/Learnings/Yocto_Resources/Poky/poky/build/tmp/work/cortexa15t2hf-neon-poky-linux-gnueabi/static-lib-test/0.1-r0$ ls
