Quick Build of Recipe for ARM Architecture using the Build Directory:
=====================================================================

1. For building the Image for ARM Architecture instead of the Intel (x86) Architecture, the changes shall be made to the 'local.conf' file in the 'build/conf' directory.
prabhat_kiran@coldstone:~/Documents/Learnings/Yocto_Resources/Poky/poky/build$ vi conf/local.conf
=> MACHINE ?= "qemuarm"
=> #MACHINE ?= "qemux86-64"

2. The Layer directory should be created for the the BitBake to pick it up during the Build. The 'bitbake-layers' command is used to create and add the compatible Layer.
prabhat_kiran@coldstone:~/Documents/Learnings/Yocto_Resources/Poky/poky/build$ bitbake-layers create-layer ../meta-layer
NOTE: Starting bitbake server...
Add your new layer with 'bitbake-layers add-layer /home/prabhat_kiran/Documents/Learnings/Yocto_Resources/Poky/poky/meta-layer'
prabhat_kiran@coldstone:~/Documents/Learnings/Yocto_Resources/Poky/poky/build$ bitbake-layers add-layer ../meta-layer
NOTE: Starting bitbake server...
prabhat_kiran@coldstone:~/Documents/Learnings/Yocto_Resources/Poky/poky/build$ bitbake-layers show-layers
NOTE: Starting bitbake server...
layer                 path                                      priority
==========================================================================
meta                  /home/prabhat_kiran/Documents/Learnings/Yocto_Resources/Poky/poky/meta   5
meta-poky             /home/prabhat_kiran/Documents/Learnings/Yocto_Resources/Poky/poky/meta-poky  5
meta-yocto-bsp        /home/prabhat_kiran/Documents/Learnings/Yocto_Resources/Poky/poky/meta-yocto-bsp  5
meta-layer            /home/prabhat_kiran/Documents/Learnings/Yocto_Resources/Poky/poky/meta-layer  5

3. The Recipe file must be placed in the Layer structure in such a way that the BitBake is able to pick them up during the Build.
prabhat_kiran@coldstone:~/Documents/Learnings/Yocto_Resources/Poky/poky/build$ cd ../meta-layer/
prabhat_kiran@coldstone:~/Documents/Learnings/Yocto_Resources/Poky/poky/meta-layer$ ls
conf  COPYING.MIT  README  recipes-example
prabhat_kiran@coldstone:~/Documents/Learnings/Yocto_Resources/Poky/poky/meta-layer$ cd recipes-example/

---> It is important to note that the name of the Recipe folder must match with the name of the Recipe file name being used to Build the SW.
prabhat_kiran@coldstone:~/Documents/Learnings/Yocto_Resources/Poky/poky/meta-layer/recipes-example$ mkdir hello-remote-git
prabhat_kiran@coldstone:~/Documents/Learnings/Yocto_Resources/Poky/poky/meta-layer/recipes-example$ ls
example  hello-remote-git

4. Include the Recipe file in the Recipe folder i.e. 'hello-remote-git' for the BitBake to be able to read it during the Build.
prabhat_kiran@coldstone:~/Documents/Learnings/Yocto_Resources/Poky/poky/meta-layer/recipes-example$ cd hello-remote-git/
prabhat_kiran@coldstone:~/Documents/Learnings/Yocto_Resources/Poky/poky/meta-layer/recipes-example/hello-remote-git$ vi hello-remote-git_0.1.bb
---> Add the contents of the Recipe file to Build the C file kept in the remote GitHub repository.
prabhat_kiran@coldstone:~/Documents/Learnings/Yocto_Resources/Poky/poky/meta-layer/recipes-example/hello-remote-git$ ls
hello-remote-git_0.1.bb

5. This is the final Layer directory structure which is compatible with the BitBake for the Build.
prabhat_kiran@coldstone:~/Documents/Learnings/Yocto_Resources/Poky/poky/meta-layer/recipes-example/hello-remote-git$ cd ..
prabhat_kiran@coldstone:~/Documents/Learnings/Yocto_Resources/Poky/poky/meta-layer/recipes-example$ tree hello-remote-git
hello-remote-git
└── hello-remote-git_0.1.bb

0 directories, 1 file

6. If the GitHub repository is not 'public' with the 'https' protocol, the Recipe Build would throw an error with the 'bitbake' command execution.
prabhat_kiran@coldstone:~/Documents/Learnings/Yocto_Resources/Poky/poky/build$ bitbake hello-remote-git
Loading cache: 100% |##############################################################################################################################################| Time: 0:00:00
Loaded 1777 entries from dependency cache.
WARNING: /home/.../Poky/poky/meta-layer/recipes-example/hello-remote-git/hello-remote-git_0.1.bb: Exception during build_dependencies for AUTOREV                 | ETA:  --:--:--
WARNING: /home/.../Poky/poky/meta-layer/recipes-example/hello-remote-git/hello-remote-git_0.1.bb: Error during finalise of /home/.../hello-remote-git/hello-remote-git_0.1.bb
ERROR: ExpansionError during parsing /home/prabhat_kiran/Documents/Learnings/Yocto_Resources/Poky/poky/meta-layer/recipes-example/hello-remote-git/hello-remote-git_0.1.bb
...
fatal: could not read Username for 'https://github.com': No such device or address

The variable dependency chain for the failure is: SRCPV -> AUTOREV[vardepvalue]

ERROR: Parsing halted due to errors, see error messages above

Summary: There were 2 WARNING messages.
Summary: There were 2 ERROR messages, returning a non-zero exit code.

7. After making the GitHub repository as 'public', on he Host Machine, run the 'bitbake' command with Target as the Recipe name for a quick Build.
prabhat_kiran@coldstone:~/Documents/Learnings/Yocto_Resources/Poky/poky/build$ bitbake hello-remote-git
Loading cache: 100% |##############################################################################################################################################| Time: 0:00:00
Loaded 1777 entries from dependency cache.
Parsing recipes: 100% |############################################################################################################################################| Time: 0:00:01
Parsing of 983 .bb files complete (982 cached, 1 parsed). 1778 targets, 159 skipped, 0 masked, 0 errors.
NOTE: Resolving any missing task queue dependencies

Build Configuration:
BB_VERSION           = "2.0.0"
BUILD_SYS            = "x86_64-linux"
NATIVELSBSTRING      = "universal"
TARGET_SYS           = "arm-poky-linux-gnueabi"
MACHINE              = "qemuarm"
DISTRO               = "poky"
DISTRO_VERSION       = "4.0.27"
TUNE_FEATURES        = "arm vfp cortexa15 neon thumb callconvention-hard"
TARGET_FPU           = "hard"
meta
meta-poky
meta-yocto-bsp
meta-layer           = "my-kirkstone:81e0dc80d72d66b7f15a34c0da7a0a8c58809056"
meta-ti-bsp          = "kirkstone:52018a8d730b2977d7163bf56c398905ef9115ac"
meta-arm
meta-arm-toolchain   = "kirkstone:10c27f061b22af78e17a23cf540b69501afc7160"

Initialising tasks: 100% |#########################################################################################################################################| Time: 0:00:00
Sstate summary: Wanted 9 Local 0 Mirrors 0 Missed 9 Current 153 (0% match, 94% complete)
NOTE: Executing Tasks
NOTE: Tasks Summary: Attempted 667 tasks of which 650 didn't need to be rerun and all succeeded.
NOTE: Writing buildhistory
NOTE: Writing buildhistory took: 2 seconds

8. After the Build is successful, the 'WORKDIR' directory contains all the files and directories generated during the Build.
prabhat_kiran@coldstone:~/Documents/Learnings/Yocto_Resources/Poky/poky/build$ cd tmp/work/cortexa15t2hf-neon-poky-linux-gnueabi/hello-remote-git/0.1-r0
prabhat_kiran@coldstone:~/Documents/Learnings/Yocto_Resources/Poky/poky/build/tmp/work/cortexa15t2hf-neon-poky-linux-gnueabi/hello-remote-git/0.1-r0$ ls
configure.sstate   deploy-ipks               git                    license-destdir  pkgdata              pseudo                 source-date-epoch
debugsources.list  deploy-rpms               hello-remote-git.spec  package          pkgdata-pdata-input  recipe-sysroot         sysroot-destdir
deploy-debs        deploy-source-date-epoch  image                  packages-split   pkgdata-sysroot      recipe-sysroot-native  temp

9. In the 'git' directory defined by the 'S' variable, the contents of the GitHub repository are checked-out at the latest commit SHA hash value.
prabhat_kiran@coldstone:~/Documents/Learnings/Yocto_Resources/Poky/poky/build/tmp/work/cortexa15t2hf-neon-poky-linux-gnueabi/hello-remote-git/0.1-r0$ cd git/
prabhat_kiran@coldstone:~/Documents/Learnings/Yocto_Resources/Poky/poky/build/tmp/work/cortexa15t2hf-neon-poky-linux-gnueabi/hello-remote-git/0.1-r0/git$ ls
LICENSE  Makefile  program  program.c  README.md
prabhat_kiran@coldstone:~/Documents/Learnings/Yocto_Resources/Poky/poky/build/tmp/work/cortexa15t2hf-neon-poky-linux-gnueabi/hello-remote-git/0.1-r0/git$ cat Makefile
=> CFLAGS = -g -Wall -DUSE_SYSCALL

=> TARGET = program

=> all: $(TARGET)

=>	$(TARGET): $(TARGET).c
=>		$(CC) $(CFLAGS) $(LDFLAGS) -o $(TARGET) $(TARGET).c

=>	clean:
=>		rm -f $(TARGET)
prabhat_kiran@coldstone:~/Documents/Learnings/Yocto_Resources/Poky/poky/build/tmp/work/cortexa15t2hf-neon-poky-linux-gnueabi/hello-remote-git/0.1-r0/git$ cat program.c 
=> #include <stdio.h>

=> int main()
=> {
=>	printf ("Hello World from Remote Git Repository!\n");
=>	return 0;
=> }
prabhat_kiran@coldstone:~/Documents/.../Poky/poky/build/tmp/work/cortexa15t2hf-neon-poky-linux-gnueabi/hello-remote-git/0.1-r0/git$ git log --pretty=format:"%H"
6a28d27db0afedc6b6939f7e08ebae87b6ef3c6f <--- This is the latest commit SHA hash value of the GitHub repository.
93b689fbb85c45cbb25ad94e5e2c4f55f51e1f8e
c8bce8d13511d9f67fea140435ad4a0397340d1a
f8f890cf3f12ad5fafd9d3b6c446017cbf4ea777
bbb737ca9a7c01a7cde235f33d5b86320bda83a0
d9c6af2a7a4405753c4674cb5c61e1d1e4321a94
bdf5a02880df7ae1889e4490395bee62c2bb6f6c
53efa004577802916ae93a6d6533482f450a6313
641d9a68d7131642cf39dcd9703a4cef25d50cd5
